***** External Functions *****
1    AddFontRegistrationToLog                           isrt.obl(Misc.obs)
2    AppSearch                                          isrt.obl(Driver.obs)
3    CCPSearch                                          isrt.obl(Driver.obs)
4    ChangeDirectory                                    isrt.obl(Files.obs)
5    CloseFile                                          isrt.obl(Files.obs)
6    CmdGetHwndDlg                                      isrt.obl(CustomDialog.obs)
7    ComponentAddFileToLog                              isrt.obl(component.obs)
8    ComponentCompareSizeRequired                       isrt.obl(component.obs)
9    ComponentGetData                                   isrt.obl(component.obs)
10   ComponentGetTotalCost                              isrt.obl(component.obs)
11   ComponentIsItemSelected                            isrt.obl(component.obs)
12   ComponentListItems                                 isrt.obl(component.obs)
13   ComponentSelectItem                                isrt.obl(component.obs)
14   ComponentTreeInit                                  isrt.obl(Dialogs.obs)
15   CreateDir                                          isrt.obl(Files.obs)
16   CreateFile                                         isrt.obl(Files.obs)
17   CreateInstallationInfo                             isrt.obl(Registry.obs)
18   CreateRegistrySet                                  isrt.obl(Feature.obs)
19   CtrlGetDlgItem                                     isrt.obl(CustomDialog.obs)
20   CtrlGetNotificationCode                            isrt.obl(CustomDialog.obs)
21   CtrlGetState                                       isrt.obl(CustomDialog.obs)
22   CtrlGetSubCommand                                  isrt.obl(CustomDialog.obs)
23   CtrlGetText                                        isrt.obl(CustomDialog.obs)
24   CtrlSelectText                                     isrt.obl(CustomDialog.obs)
25   CtrlSetMLEText                                     isrt.obl(CustomDialog.obs)
26   CtrlSetState                                       isrt.obl(CustomDialog.obs)
27   CtrlSetText                                        isrt.obl(CustomDialog.obs)
28   DIFxDriverPackageUninstall                         isrt.obl(ISDIFx.obs)
29   DRMINSTALLERPRO.DRMInstallPRO                      isrt.obl(Activation.obs)
30   DRMINSTALLERPRO.DRMUnInstallPRO                    isrt.obl(Activation.obs)
31   DefineDialog                                       isrt.obl(CustomDialog.obs)
32   Delay                                              isrt.obl(Misc.obs)
33   DeleteDir                                          isrt.obl(Files.obs)
34   DeleteFile                                         isrt.obl(Files.obs)
35   DeleteSingleFile                                   isrt.obl(Files.obs)
36   DialogSetDefaultFont                               isrt.obl(Dialogs.obs)
37   DialogSetFont                                      isrt.obl(Dialogs.obs)
38   DialogSetInfo                                      isrt.obl(Dialogs.obs)
39   Disable                                            isrt.obl(Enable.obs)
40   DllSizeOf                                          isrt.obl(Str.obs)
41   Do                                                 isrt.obl(Misc.obs)
42   Enable                                             isrt.obl(Enable.obs)
43   EndCurrentDialog                                   isrt.obl(Dialogs.obs)
44   EndDialog                                          isrt.obl(CustomDialog.obs)
45   EnterDisk                                          isrt.obl(ISRTScriptDialogs.obs)
46   EnterDiskError                                     isrt.obl(ISRTScriptDialogs.obs)
47   EnterPassword                                      isrt.obl(ISRTScriptDialogs.obs)
48   ExistsDir                                          isrt.obl(Files.obs)
49   ExistsDisk                                         isrt.obl(Files.obs)
50   ExitInstall                                        isrt.obl(Driver.obs)
51   EzDefineDialog                                     isrt.obl(CustomDialog.obs)
52   FeatureAddFileToLog                                isrt.obl(Feature.obs)
53   FeatureCompareSizeRequired                         isrt.obl(Feature.obs)
54   FeatureErrorInfo                                   isrt.obl(Feature.obs)
55   FeatureFilterLanguage                              isrt.obl(Feature.obs)
56   FeatureFilterOS                                    isrt.obl(Feature.obs)
57   FeatureGetData                                     isrt.obl(Feature.obs)
58   FeatureGetTotalCost                                isrt.obl(Feature.obs)
59   FeatureIsItemSelected                              isrt.obl(Feature.obs)
60   FeatureListItems                                   isrt.obl(Feature.obs)
61   FeaturePatch                                       isrt.obl(Feature.obs)
62   FeatureReinstall                                   isrt.obl(Feature.obs)
63   FeatureRemoveAllInLogOnly                          isrt.obl(Feature.obs)
64   FeatureRemoveAllInMedia                            isrt.obl(Feature.obs)
65   FeatureRemoveAllInMediaAndLog                      isrt.obl(Feature.obs)
66   FeatureSaveTarget                                  isrt.obl(Feature.obs)
67   FeatureSelectItem                                  isrt.obl(Feature.obs)
68   FeatureSelectNew                                   isrt.obl(Feature.obs)
69   FeatureSetupTypeSet                                isrt.obl(Feature.obs)
70   FeatureStandardSetupTypeSet                        isrt.obl(Feature.obs)
71   FeatureTransferData                                isrt.obl(Feature.obs)
72   FeatureUpdate                                      isrt.obl(Feature.obs)
73   FeatureValidate                                    isrt.obl(Feature.obs)
74   FinalConstruct                                     ifx.obl(EventsPriv.obs)
75   FinalRelease                                       ifx.obl(EventsPriv.obs)
76   FindAllDirs                                        isrt.obl(Files.obs)
77   FindFile                                           isrt.obl(Files.obs)
78   FormatMessage                                      isrt.obl(Misc.obs)
79   GDI32.AddFontResource                              Setup.obs
80   GDI32.CreateRectRgn                                Setup.obs
81   GDI32.GetDeviceCaps                                Setup.obs
82   GDI32.RemoveFontResource                           Setup.obs
83   GetAddRemove                                       isrt.obl(SysVars.obs)
84   GetBillboard                                       isrt.obl(SysVars.obs)
85   GetCurrentDialogName                               isrt.obl(Dialogs.obs)
86   GetCurrentDir                                      isrt.obl(Files.obs)
87   GetDialogTitle                                     isrt.obl(Dialogs.obs)
88   GetDir                                             isrt.obl(Str.obs)
89   GetDisk                                            isrt.obl(Str.obs)
90   GetDiskSpace                                       isrt.obl(GSI.obs)
91   GetDiskSpaceEx                                     isrt.obl(GSI.obs)
92   GetEnabledIServices                                isrt.obl(SysVars.obs)
93   GetErrorMsg                                        isrt.obl(Dialogs.obs)
94   GetErrorTitle                                      isrt.obl(Dialogs.obs)
95   GetExtents                                         isrt.obl(GSI.obs)
96   GetFolderApplications                              isrt.obl(SysVars.obs)
97   GetFolderApplications64                            isrt.obl(SysVars.obs)
98   GetFolderDotNet10                                  isrt.obl(SysVars.obs)
99   GetFolderDotNet11                                  isrt.obl(SysVars.obs)
100  GetFolderDotNet20                                  isrt.obl(SysVars.obs)
101  GetFolderFonts                                     isrt.obl(SysVars.obs)
102  GetISRes                                           isrt.obl(SysVars.obs)
103  GetInstallScriptMSI                                isrt.obl(SysVars.obs)
104  GetInstanceGUID                                    isrt.obl(SysVars.obs)
105  GetKeyPathWinCurrVerAuto                           isrt.obl(SysVars.obs)
106  GetLog                                             isrt.obl(SysVars.obs)
107  GetLogEx                                           isrt.obl(SysVars.obs)
108  GetMaintOption                                     isrt.obl(SysVars.obs)
109  GetMaintenance                                     isrt.obl(SysVars.obs)
110  GetMultiInstanceCount                              isrt.obl(SysVars.obs)
111  GetOpenFileMode                                    isrt.obl(Files.obs)
112  GetPackageLocation                                 isrt.obl(SysVars.obs)
113  GetProductGUID                                     isrt.obl(SysVars.obs)
114  GetProfString                                      isrt.obl(Profile.obs)
115  GetProgramFiles                                    isrt.obl(SysVars.obs)
116  GetReinstallMode                                   isrt.obl(SysVars.obs)
117  GetRemoveAllMode                                   isrt.obl(SysVars.obs)
118  GetRemoveOnly                                      isrt.obl(SysVars.obs)
119  GetSelectedTreeComponent                           isrt.obl(CmptView.obs)
120  GetShowPasswordDialog                              isrt.obl(SysVars.obs)
121  GetStandardSelectedLanguage                        isrt.obl(SysVars.obs)
122  GetSupportDir                                      isrt.obl(SysVars.obs)
123  GetSystemInfo                                      isrt.obl(GSI.obs)
124  GetTempFolder                                      isrt.obl(SysVars.obs)
125  GetTrueTypeFontFileInfo                            isrt.obl(Misc.obs)
126  GetUserSelectableAuto                              isrt.obl(SysVars.obs)
127  GetWinDir                                          isrt.obl(SysVars.obs)
128  GetWinSysDir                                       isrt.obl(SysVars.obs)
129  GetWindowHandle                                    isrt.obl(Misc.obs)
130  HIWORD                                             isrt.obl(Misc.obs)
131  ISDeterminePlatform                                isrt.obl(OsInfo.obs)
132  ISMIF32.InstallStatusMIF                           isrt.obl(MIF.obs)
133  ISRT.ComponentViewSetInfoEx                        isrt.obl(Dialogs.obs)
134  ISRT.EnableHourGlass                               isrt.obl(Enable.obs)
135  ISRT.GetCPUType                                    isrt.obl(GSI.obs)
136  ISRT.GetFontSub                                    isrt.obl(Dialogs.obs)
137  ISRT.GetHandle                                     Setup.obs
138  ISRT.GetPorts                                      isrt.obl(GSI.obs)
139  ISRT.IsEmpty                                       Setup.obs
140  ISRT.IsNTAdmin                                     isrt.obl(Is.obs)
141  ISRT.IsObject                                      Setup.obs
142  ISRT.IsPowerUser                                   isrt.obl(Is.obs)
143  ISRT.LangLoadString                                isrt.obl(SDINT.obs)
144  ISRT.MessageBeepP                                  Setup.obs
145  ISRT.PathCompactPathPixel                          isrt.obl(CustomDialog.obs)
146  ISRT.PathGetDir                                    isrt.obl(Str.obs)
147  ISRT.PathGetDrive                                  isrt.obl(Str.obs)
148  ISRT.PathGetFile                                   isrt.obl(Files.obs)
149  ISRT.PathGetFileExt                                isrt.obl(Str.obs)
150  ISRT.PathGetFileName                               isrt.obl(Str.obs)
151  ISRT.PathGetPath                                   isrt.obl(Str.obs)
152  ISRT.PathIsValidSyntax                             isrt.obl(Is.obs)
153  ISRT.VerGetFileVersion                             Setup.obs
154  ISRT._AppSearch                                    Setup.obs
155  ISRT._BrowseForFolder                              isrt.obl(ISRTScriptDialogsPriv.obs)
156  ISRT._CCPSearch                                    Setup.obs
157  ISRT._CleanupInet                                  isrt.obl(MIO.obs)
158  ISRT._CloseFile                                    isrt.obl(Files.obs)
159  ISRT._CmdGetHwndDlg                                isrt.obl(CustomDialog.obs)
160  ISRT._ComponentCompareSizeRequired                 isrt.obl(Feature.obs)
161  ISRT._ComponentErrorInfo                           isrt.obl(Feature.obs)
162  ISRT._ComponentFilterLanguage                      isrt.obl(Feature.obs)
163  ISRT._ComponentFilterOS                            isrt.obl(Feature.obs)
164  ISRT._ComponentGetData                             isrt.obl(Feature.obs)
165  ISRT._ComponentGetTotalCost                        isrt.obl(Feature.obs)
166  ISRT._ComponentGetTotalCostEx                      Setup.obs
167  ISRT._ComponentIsItemSelected                      isrt.obl(Feature.obs)
168  ISRT._ComponentListItems                           isrt.obl(Feature.obs)
169  ISRT._ComponentPatch                               isrt.obl(Feature.obs)
170  ISRT._ComponentReinstall                           isrt.obl(Feature.obs)
171  ISRT._ComponentRemoveAll                           isrt.obl(Feature.obs)
172  ISRT._ComponentRemoveAllInLogOnly                  isrt.obl(Feature.obs)
173  ISRT._ComponentSaveTarget                          isrt.obl(Feature.obs)
174  ISRT._ComponentSelectItem                          isrt.obl(Feature.obs)
175  ISRT._ComponentSelectNew                           isrt.obl(Feature.obs)
176  ISRT._ComponentSetupTypeSet                        isrt.obl(Feature.obs)
177  ISRT._ComponentTransferData                        isrt.obl(Feature.obs)
178  ISRT._ComponentUpdate                              isrt.obl(Feature.obs)
179  ISRT._ComponentValidate                            isrt.obl(Feature.obs)
180  ISRT._CreateDir                                    isrt.obl(Files.obs)
181  ISRT._CreateRegistrySet                            isrt.obl(Feature.obs)
182  ISRT._CtrlGetNotificationCode                      isrt.obl(CustomDialog.obs)
183  ISRT._CtrlGetSubCommand                            isrt.obl(CustomDialog.obs)
184  ISRT._CtrlSetHtmlContent                           isrt.obl(CustomDialog.obs)
185  ISRT._CtrlSetMLERichText                           isrt.obl(CustomDialog.obs)
186  ISRT._DIFxDriverPackageUninstall                   isrt.obl(ISDIFx.obs)
187  ISRT._DefineDialog                                 isrt.obl(CustomDialog.obs)
188  ISRT._DialogSetFont                                isrt.obl(Dialogs.obs)
189  ISRT._DisableStatus                                isrt.obl(Enable.obs)
190  ISRT._DoSprintf                                    isrt.obl(ISRTScriptDialogsPriv.obs)
191  ISRT._EnableDialogCache                            isrt.obl(Enable.obs)
192  ISRT._EnablePrevDialog                             Setup.obs
193  ISRT._EnableSkins                                  isrt.obl(Enable.obs)
194  ISRT._EnableStatus                                 isrt.obl(Enable.obs)
195  ISRT._EnableWow64FsRedirection                     isrt.obl(Enable.obs)
196  ISRT._EndDialog                                    isrt.obl(CustomDialog.obs)
197  ISRT._ExistsDir                                    isrt.obl(Files.obs)
198  ISRT._ExistsDisk                                   isrt.obl(Files.obs)
199  ISRT._ExistsFile                                   isrt.obl(Files.obs)
200  ISRT._ExitInstall                                  Setup.obs
201  ISRT._GetCurrentDialogName                         isrt.obl(Dialogs.obs)
202  ISRT._GetDiskSpaceEx                               isrt.obl(GSI.obs)
203  ISRT._GetDiskSpaceExEx                             Setup.obs
204  ISRT._GetGlobalMemorySize                          isrt.obl(GSI.obs)
205  ISRT._GetProcessorInfo                             isrt.obl(OsInfo.obs)
206  ISRT._GetSelectedTreeComponent                     isrt.obl(CmptView.obs)
207  ISRT._GetStandardLangId                            isrt.obl(Misc.obs)
208  ISRT._GetSupportDir                                isrt.obl(SysVars.obs)
209  ISRT._GetTrueTypeFontFileInfo                      isrt.obl(Misc.obs)
210  ISRT._GetVirtualMachineType                        isrt.obl(GSI.obs)
211  ISRT._InetEndofTransfer                            isrt.obl(iftw.obs)
212  ISRT._InetGetNextDisk                              isrt.obl(iftw.obs)
213  ISRT._InitInstall                                  Setup.obs
214  ISRT._IsFontTypefaceNameAvailable                  isrt.obl(Is.obs)
215  ISRT._IsInAdminGroup                               isrt.obl(Is.obs)
216  ISRT._IsLangSupported                              isrt.obl(Is.obs)
217  ISRT._IsSkinLoaded                                 isrt.obl(Is.obs)
218  ISRT._IsVirtualMachine                             isrt.obl(OsInfo.obs)
219  ISRT._IsWindowsME                                  isrt.obl(GSI.obs)
220  ISRT._IsWow64                                      isrt.obl(OsInfo.obs)
221  ISRT._ListAddItem                                  isrt.obl(scrlist.obs)
222  ISRT._ListAddString                                isrt.obl(scrlist.obs)
223  ISRT._ListCount                                    isrt.obl(scrlist.obs)
224  ISRT._ListCreate                                   isrt.obl(scrlist.obs)
225  ISRT._ListCurrentString                            isrt.obl(scrlist.obs)
226  ISRT._ListDeleteItem                               isrt.obl(scrlist.obs)
227  ISRT._ListDeleteString                             isrt.obl(scrlist.obs)
228  ISRT._ListDestroy                                  isrt.obl(scrlist.obs)
229  ISRT._ListFindString                               isrt.obl(scrlist.obs)
230  ISRT._ListGetFirstItem                             isrt.obl(scrlist.obs)
231  ISRT._ListGetFirstString                           isrt.obl(scrlist.obs)
232  ISRT._ListGetNextItem                              isrt.obl(scrlist.obs)
233  ISRT._ListGetNextString                            isrt.obl(scrlist.obs)
234  ISRT._ListGetType                                  isrt.obl(scrlist.obs)
235  ISRT._ListReadFromFile                             isrt.obl(scrlist.obs)
236  ISRT._ListSetIndex                                 isrt.obl(scrlist.obs)
237  ISRT._MediaGetFilteringInfo                        isrt.obl(Feature.obs)
238  ISRT._MediaGetInfo                                 isrt.obl(Feature.obs)
239  ISRT._OnUninstPriv                                 Setup.obs
240  ISRT._OpenFile                                     isrt.obl(Files.obs)
241  ISRT._Preprogram                                   Setup.obs
242  ISRT._PrintFile                                    isrt.obl(Files.obs)
243  ISRT._Rebooted                                     Setup.obs
244  ISRT._RegCreateKey                                 isrt.obl(Registry.obs)
245  ISRT._RegDeleteKey                                 isrt.obl(Registry.obs)
246  ISRT._RegDeleteValue                               isrt.obl(Registry.obs)
247  ISRT._RegEnableTextSubs                            isrt.obl(Enable.obs)
248  ISRT._RegGetOptions                                isrt.obl(SysVars.obs)
249  ISRT._RegIsRemoteRegConnected                      isrt.obl(Is.obs)
250  ISRT._RegQueryKeyBinaryValue                       isrt.obl(Registry.obs)
251  ISRT._RegQueryKeyValue                             isrt.obl(Registry.obs)
252  ISRT._RegSetKeyBinaryValue                         isrt.obl(Registry.obs)
253  ISRT._RegSetKeyValue                               isrt.obl(Registry.obs)
254  ISRT._RegSetOptions                                isrt.obl(SysVars.obs)
255  ISRT._ReleaseDialog                                isrt.obl(CustomDialog.obs)
256  ISRT._SdShowMsg                                    isrt.obl(ISRTScriptDialogsPriv.obs)
257  ISRT._SetAltMainImage                              isrt.obl(Dialogs.obs)
258  ISRT._SetDisplayEffect                             isrt.obl(ui.obs)
259  ISRT._SetPaletteFile                               isrt.obl(MIO.obs)
260  ISRT._SetSilentSdShowMsg                           isrt.obl(Enable.obs)
261  ISRT._SetTitle                                     isrt.obl(ui.obs)
262  ISRT._SetupInet                                    isrt.obl(MIO.obs)
263  ISRT._SetupTraceWrite                              isrt.obl(Misc.obs)
264  ISRT._ShowObjWizardPages                           isrt.obl(Objects.obs)
265  ISRT._ShowWizardPages                              Setup.obs
266  ISRT._StatusUpdate                                 isrt.obl(ui.obs)
267  ISRT._TreeViewCreate                               isrt.obl(CmptView.obs)
268  ISRT._WaitOnDialog                                 isrt.obl(CustomDialog.obs)
269  ISRT._WriteLine                                    isrt.obl(Files.obs)
270  ISRT.__CreateObjectContext                         isrt.obl(ISRTInit.obs)
271  ISRT.__GetCmdLineOptions                           isrt.obl(ISRTInit.obs)
272  ISRT.__GetContextGUID                              isrt.obl(ISRTInit.obs)
273  ISRT.__GetEnabledIServices                         isrt.obl(SysVars.obs)
274  ISRT.__GetFileRegistrar                            isrt.obl(ISRTInit.obs)
275  ISRT.__GetInfo                                     isrt.obl(ISRTInit.obs)
276  ISRT.__GetInstallGuid                              isrt.obl(SysVars.obs)
277  ISRT.__GetLog                                      isrt.obl(SysVars.obs)
278  ISRT.__GetLogDB                                    isrt.obl(ISRTInit.obs)
279  ISRT.__GetLogEx                                    isrt.obl(SysVars.obs)
280  ISRT.__GetMainWindow                               Setup.obs
281  ISRT.__GetMaintOption                              isrt.obl(SysVars.obs)
282  ISRT.__GetMaintenanceMode                          isrt.obl(SysVars.obs)
283  ISRT.__GetObjects                                  isrt.obl(ISRTInit.obs)
284  ISRT.__GetProductGuid                              isrt.obl(SysVars.obs)
285  ISRT.__GetProgress                                 Setup.obs
286  ISRT.__GetReboot                                   isrt.obl(ISRTInit.obs)
287  ISRT.__GetReinstallMode                            isrt.obl(SysVars.obs)
288  ISRT.__GetRemoveAllMode                            isrt.obl(SysVars.obs)
289  ISRT.__GetTextSub                                  isrt.obl(ISRTInit.obs)
290  ISRT.__GetUpdateMode                               isrt.obl(SysVars.obs)
291  ISRT.__GetUser                                     isrt.obl(MIO.obs)
292  ISRT.__ISRTGetPropertyBag                          ifx.obl(PersistPropertyBag.obs)
293  ISRT.__ISRTReleasePropertyBag                      ifx.obl(PersistPropertyBag.obs)
294  ISRT.__LoadString                                  isrt.obl(LoadStr.obs)
295  ISRT.__PutEnabledIServices                         isrt.obl(Enable.obs)
296  ISRT.__ReleaseObjectContext                        isrt.obl(ISRTInit.obs)
297  ISRT.__RestoreMainLog                              isrt.obl(ISRTInit.obs)
298  ISRT.__RestoreMainLogEx                            isrt.obl(ISRTInit.obs)
299  ISRT.__SetComponentLog                             isrt.obl(ISRTInit.obs)
300  ISRT.__SetUpdateMode                               isrt.obl(SysVars.obs)
301  ISRTHandleScriptException                          isrt.obl(Misc.obs)
302  ISRTOnUninstPriv                                   isrt.obl(Driver.obs)
303  ISRTPreprogram                                     isrt.obl(Driver.obs)
304  IfxFilterComponents                                ifx.obl(EventsSetupPriv.obs)
305  IfxFinalConstruct                                  ifx.obl(EventsSetupPriv.obs)
306  IfxFinalRelease                                    ifx.obl(EventsSetupPriv.obs)
307  IfxInitProperties                                  ifx.obl(PersistPropertyBag.obs)
308  IfxOnAbortInstall                                  ifx.obl(EventsPriv.obs)
309  IfxOnAppSearch                                     ifx.obl(EventsPriv.obs)
310  IfxOnCCPSearch                                     ifx.obl(EventsPriv.obs)
311  IfxOnCanceling                                     ifx.obl(EventsPriv.obs)
312  IfxOnDisk1Installed                                ifx.obl(EventsSetupPriv.obs)
313  IfxOnDisk1Installing                               ifx.obl(EventsSetupPriv.obs)
314  IfxOnExitInstall                                   ifx.obl(EventsSetupPriv.obs)
315  IfxOnFileError                                     ifx.obl(EventsSetupPriv.obs)
316  IfxOnFileLocked                                    ifx.obl(EventsSetupPriv.obs)
317  IfxOnFileReadOnly                                  ifx.obl(EventsSetupPriv.obs)
318  IfxOnGeneralScriptOp                               ifx.obl(EventsPriv.obs)
319  IfxOnHelp                                          ifx.obl(EventsPriv.obs)
320  IfxOnInitInstall                                   ifx.obl(EventsSetupPriv.obs)
321  IfxOnInternetError                                 ifx.obl(EventsSetupPriv.obs)
322  IfxOnMD5Error                                      ifx.obl(EventsSetupPriv.obs)
323  IfxOnNextDisk                                      ifx.obl(EventsSetupPriv.obs)
324  IfxOnRebooted                                      ifx.obl(EventsPriv.obs)
325  IfxOnRemovingSharedFile                            ifx.obl(EventsSetupPriv.obs)
326  IfxOnShowWizardPages                               ifx.obl(EventsSetupPriv.obs)
327  IfxOnTransferred                                   ifx.obl(EventsPriv.obs)
328  IfxOnTransferring                                  ifx.obl(EventsSetupPriv.obs)
329  IfxOnUnhandledException                            ifx.obl(EventsPriv.obs)
330  IfxOnUninst                                        ifx.obl(EventsSetupPriv.obs)
331  IfxOnUninstPriv                                    ifx.obl(EventsSetupPriv.obs)
332  IfxPostprogram                                     ifx.obl(EventsSetupPriv.obs)
333  IfxPreprogram                                      ifx.obl(EventsSetupPriv.obs)
334  IfxReadProperties                                  ifx.obl(PersistPropertyBag.obs)
335  IfxRunAfterReboot                                  ifx.obl(EventsSetupPriv.obs)
336  IfxWriteProperties                                 ifx.obl(PersistPropertyBag.obs)
337  InetEndofTransfer                                  isrt.obl(iftw.obs)
338  InetNextDisk                                       isrt.obl(iftw.obs)
339  InitInstall                                        isrt.obl(Driver.obs)
340  InitProperties                                     ifx.obl(PersistPropertyBag.obs)
341  Is                                                 isrt.obl(Is.obs)
342  IsInetInstall                                      isrt.obl(iftw.obs)
343  KERNEL.GetModuleHandle                             Setup.obs
344  KERNEL32.CloseHandle                               Setup.obs
345  KERNEL32.CreateFileA                               Setup.obs
346  KERNEL32.DeleteFileA                               Setup.obs
347  KERNEL32.FindClose                                 Setup.obs
348  KERNEL32.FindFirstFileA                            Setup.obs
349  KERNEL32.FindNextFileA                             Setup.obs
350  KERNEL32.FormatMessageA                            Setup.obs
351  KERNEL32.FreeLibrary                               Setup.obs
352  KERNEL32.GetCurrentDirectoryA                      Setup.obs
353  KERNEL32.GetDriveType                              Setup.obs
354  KERNEL32.GetFileAttributesA                        Setup.obs
355  KERNEL32.GetLocalTime                              Setup.obs
356  KERNEL32.GetLocaleInfo                             Setup.obs
357  KERNEL32.GetPrivateProfileString                   Setup.obs
358  KERNEL32.GetPrivateProfileStringA                  Setup.obs
359  KERNEL32.GetProcAddress                            Setup.obs
360  KERNEL32.GetProfileStringA                         Setup.obs
361  KERNEL32.GetSystemDefaultLCID                      Setup.obs
362  KERNEL32.GetSystemDefaultLangID                    Setup.obs
363  KERNEL32.GetSystemDefaultUILanguage                Setup.obs
364  KERNEL32.GetTickCount                              Setup.obs
365  KERNEL32.GetUserDefaultLangID                      Setup.obs
366  KERNEL32.GetVersion                                Setup.obs
367  KERNEL32.GetVersionEx                              Setup.obs
368  KERNEL32.GetVolumeInformation                      Setup.obs
369  KERNEL32.GetWindowsDirectory                       Setup.obs
370  KERNEL32.LoadLibraryA                              Setup.obs
371  KERNEL32.RemoveDirectoryA                          Setup.obs
372  KERNEL32.SetCurrentDirectoryA                      Setup.obs
373  KERNEL32.SetFileAttributesA                        Setup.obs
374  KERNEL32.Sleep                                     Setup.obs
375  KERNEL32.WritePrivateProfileString                 Setup.obs
376  KERNEL32.WritePrivateProfileStringA                Setup.obs
377  KERNEL32.WriteProfileStringA                       Setup.obs
378  KERNEL32.lstrlen                                   Setup.obs
379  LOWORD                                             isrt.obl(Misc.obs)
380  LaunchAppAndWaitInitStartupInfo                    isrt.obl(Extend.obs)
381  LaunchApplicationInit                              isrt.obl(Extend.obs)
382  ListAddItem                                        isrt.obl(scrlist.obs)
383  ListAddString                                      isrt.obl(scrlist.obs)
384  ListCount                                          isrt.obl(scrlist.obs)
385  ListCreate                                         isrt.obl(scrlist.obs)
386  ListCurrentString                                  isrt.obl(scrlist.obs)
387  ListDeleteItem                                     isrt.obl(scrlist.obs)
388  ListDeleteString                                   isrt.obl(scrlist.obs)
389  ListDestroy                                        isrt.obl(scrlist.obs)
390  ListFindString                                     isrt.obl(scrlist.obs)
391  ListGetFirstItem                                   isrt.obl(scrlist.obs)
392  ListGetFirstString                                 isrt.obl(scrlist.obs)
393  ListGetNextItem                                    isrt.obl(scrlist.obs)
394  ListGetNextString                                  isrt.obl(scrlist.obs)
395  ListGetType                                        isrt.obl(scrlist.obs)
396  ListReadFromFile                                   isrt.obl(scrlist.obs)
397  ListSetIndex                                       isrt.obl(scrlist.obs)
398  ListValid                                          isrt.obl(scrlist.obs)
399  ListValidType                                      isrt.obl(scrlist.obs)
400  LoadStringFromStringTable                          isrt.obl(Str.obs)
401  LogReadCustomString                                isrt.obl(Misc.obs)
402  LogReadCustomVariant                               isrt.obl(Misc.obs)
403  LogWriteCustomString                               isrt.obl(Misc.obs)
404  LogWriteCustomVariant                              isrt.obl(Misc.obs)
405  LongPathToQuote                                    isrt.obl(Str.obs)
406  MAKELONG                                           isrt.obl(Misc.obs)
407  MIFCreateMIFFile                                   isrt.obl(MIF.obs)
408  MIFDeleteMIFFile                                   isrt.obl(MIF.obs)
409  MIFInitialize                                      isrt.obl(MIF.obs)
410  MIFSetInformation                                  isrt.obl(MIF.obs)
411  MIFUnInitialize                                    isrt.obl(MIF.obs)
412  MIFWasSetInformationCalled                         isrt.obl(MIF.obs)
413  MIOShutdown                                        isrt.obl(MIO.obs)
414  MIOStartup                                         isrt.obl(MIO.obs)
415  MaintenanceStart                                   isrt.obl(Registry.obs)
416  MediaGetData                                       isrt.obl(Feature.obs)
417  MediaGetDataEx                                     isrt.obl(Feature.obs)
418  MessageBeep                                        isrt.obl(Misc.obs)
419  MessageBox                                         isrt.obl(ISRTScriptDialogsPriv.obs)
420  MessageBoxEx                                       isrt.obl(ISRTScriptDialogsPriv.obs)
421  OnAbort                                            ifx.obl(EventsSetup.obs)
422  OnAppSearch                                        ifx.obl(EventsSetup.obs)
423  OnBegin                                            Setup.obs
424  OnCCPSearch                                        ifx.obl(EventsSetup.obs)
425  OnCanceling                                        ifx.obl(EventsSetup.obs)
426  OnCheckMediaPassword                               ifx.obl(EventsSetup.obs)
427  OnComponentError                                   ifx.obl(EventsSetup.obs)
428  OnCustomizeUninstInfo                              ifx.obl(EventsSetup.obs)
429  OnDIFxLogCallback                                  ifx.obl(EventsSetup.obs)
430  OnDIFxLogCallbackImpl                              isrt.obl(ISDIFx.obs)
431  OnEnd                                              Setup.obs
432  OnFileError                                        ifx.obl(EventsSetup.obs)
433  OnFileLocked                                       ifx.obl(EventsSetup.obs)
434  OnFileReadOnly                                     ifx.obl(EventsSetup.obs)
435  OnFilterComponents                                 ifx.obl(EventsSetup.obs)
436  OnFirstUIAfter                                     Setup.obs
437  OnFirstUIBefore                                    Setup.obs
438  OnHelp                                             ifx.obl(EventsSetup.obs)
439  OnIISAppPoolUninstalling                           ifx.obl(EventsPriv.obs)
440  OnIISCheckRequirements                             ifx.obl(EventsPriv.obs)
441  OnIISComponentInstalled                            ifx.obl(EventsPriv.obs)
442  OnIISInitialize                                    ifx.obl(EventsPriv.obs)
443  OnIISUninitialize                                  ifx.obl(EventsPriv.obs)
444  OnIISVRootUninstalling                             ifx.obl(EventsPriv.obs)
445  OnIISWebServiceExtensionUninstalling               ifx.obl(EventsPriv.obs)
446  OnIISWebSiteUninstalling                           ifx.obl(EventsPriv.obs)
447  OnInstallDRMService                                isrt.obl(Activation.obs)
448  OnInstalledFile                                    ifx.obl(EventsSetup.obs)
449  OnInstalledFontFile                                ifx.obl(EventsSetup.obs)
450  OnInstallingFile                                   ifx.obl(EventsSetup.obs)
451  OnInternetError                                    ifx.obl(EventsSetup.obs)
452  OnLaunchAppAndWaitCallback                         ifx.obl(EventsSetup.obs)
453  OnMD5Error                                         ifx.obl(EventsSetup.obs)
454  OnMaintUIAfter                                     Setup.obs
455  OnMaintUIBefore                                    Setup.obs
456  OnMoveData                                         ifx.obl(EventsSetup.obs)
457  OnMoved                                            ifx.obl(EventsSetup.obs)
458  OnMoving                                           ifx.obl(EventsSetup.obs)
459  OnNetApiCreateUserAccount                          ifx.obl(EventsSetup.obs)
460  OnNetApiCreateUserAccountInternal                  isrt.obl(NetApiRT.obs)
461  OnNextDisk                                         ifx.obl(EventsSetup.obs)
462  OnRebooted                                         ifx.obl(EventsSetup.obs)
463  OnRemovingSharedFile                               ifx.obl(EventsSetup.obs)
464  OnSQLBatchScripts                                  ifx.obl(EventsPriv.obs)
465  OnSQLComponentInstalled                            ifx.obl(EventsPriv.obs)
466  OnSQLComponentUninstalled                          ifx.obl(EventsPriv.obs)
467  OnSQLServerInitialize                              ifx.obl(EventsPriv.obs)
468  OnSQLServerInitializeMaint                         ifx.obl(EventsPriv.obs)
469  OnSelfRegistrationError                            ifx.obl(EventsSetup.obs)
470  OnSetTARGETDIR                                     Setup.obs
471  OnSetUpdateMode                                    ifx.obl(EventsSetup.obs)
472  OnShowUI                                           ifx.obl(EventsSetup.obs)
473  OnUnInstallDRMService                              isrt.obl(Activation.obs)
474  OnUnhandledException                               ifx.obl(EventsPriv.obs)
475  OnUninstall                                        ifx.obl(EventsSetup.obs)
476  OnUninstalledFile                                  ifx.obl(EventsSetup.obs)
477  OnUninstallingDIFxDriverFile                       ifx.obl(EventsSetup.obs)
478  OnUninstallingFile                                 ifx.obl(EventsSetup.obs)
479  OnUninstallingFontFile                             ifx.obl(EventsSetup.obs)
480  OnUpdateUIAfter                                    ifx.obl(EventsSetup.obs)
481  OnUpdateUIBefore                                   ifx.obl(EventsSetup.obs)
482  OnXMLComponentInstalled                            ifx.obl(EventsPriv.obs)
483  OnXMLComponentUninstalling                         ifx.obl(EventsPriv.obs)
484  OnXMLInitialize                                    ifx.obl(EventsPriv.obs)
485  OnXMLUninitialize                                  ifx.obl(EventsPriv.obs)
486  OpenFileMode                                       isrt.obl(Files.obs)
487  ParsePath                                          isrt.obl(Str.obs)
488  Postprogram                                        ifx.obl(EventsSetupPriv.obs)
489  Preprogram                                         ifx.obl(EventsSetupPriv.obs)
490  PrintFile                                          isrt.obl(Files.obs)
491  PthFixPath                                         isrt.obl(Pth.obs)
492  PthIsAbsPath                                       isrt.obl(Pth.obs)
493  PthIsRoot                                          isrt.obl(Pth.obs)
494  ReadProperties                                     ifx.obl(PersistPropertyBag.obs)
495  Rebooted                                           isrt.obl(Driver.obs)
496  RegDBCreateKeyEx                                   isrt.obl(Registry.obs)
497  RegDBDeleteItem                                    isrt.obl(Registry.obs)
498  RegDBDeleteKey                                     isrt.obl(Registry.obs)
499  RegDBDeleteValue                                   isrt.obl(Registry.obs)
500  RegDBDeleteValueEx                                 isrt.obl(Registry.obs)
501  RegDBDeleteValueEx32                               isrt.obl(Registry.obs)
502  RegDBGetItem                                       isrt.obl(Registry.obs)
503  RegDBGetKeyValueEx                                 isrt.obl(Registry.obs)
504  RegDBQueryValue                                    isrt.obl(Registry.obs)
505  RegDBQueryValue32                                  isrt.obl(Registry.obs)
506  RegDBSetDefaultRoot                                isrt.obl(SysVars.obs)
507  RegDBSetItem                                       isrt.obl(Registry.obs)
508  RegDBSetKeyValueEx                                 isrt.obl(Registry.obs)
509  RegDBSetValue                                      isrt.obl(Registry.obs)
510  RegDBSetValue32                                    isrt.obl(Registry.obs)
511  RegDBSetVersion                                    isrt.obl(Registry.obs)
512  RegisterFontResource                               isrt.obl(Misc.obs)
513  ReleaseDialog                                      isrt.obl(CustomDialog.obs)
514  SdCloseDlg                                         isrt.obl(SDINT.obs)
515  SdComponentDlgCheckSpace                           isrt.obl(SDINT.obs)
516  SdComponentTree                                    isrt.obl(component.obs)
517  SdDlgToTop                                         isrt.obl(SDINT.obs)
518  SdDoStdButton                                      isrt.obl(SDINT.obs)
519  SdEnablement                                       isrt.obl(SDINT.obs)
520  SdError                                            isrt.obl(SDINT.obs)
521  SdExceptionsInit                                   isrt.obl(ISRTScriptDialogsPriv.obs)
522  SdFeatureTree                                      isrt.obl(ISRTScriptDialogs.obs)
523  SdFinish                                           isrt.obl(ISRTScriptDialogs.obs)
524  SdFinishReboot                                     isrt.obl(ISRTScriptDialogs.obs)
525  SdGeneralInit                                      isrt.obl(SDINT.obs)
526  SdInit                                             isrt.obl(SDINT.obs)
527  SdIsStdButton                                      isrt.obl(SDINT.obs)
528  SdLicense2Ex                                       isrt.obl(ISRTScriptDialogs.obs)
529  SdLoadString                                       isrt.obl(SDINT.obs)
530  SdMakeName                                         isrt.obl(SDINT.obs)
531  SdPlugInProductName                                isrt.obl(SDINT.obs)
532  SdSetDlgTitle                                      isrt.obl(SDINT.obs)
533  SdSetStatic                                        isrt.obl(SDINT.obs)
534  SdSetupType2                                       isrt.obl(ISRTScriptDialogs.obs)
535  SdShowDlgEdit1                                     isrt.obl(ISRTScriptDialogs.obs)
536  SdShowMsg                                          isrt.obl(ISRTScriptDialogsPriv.obs)
537  SdStartCopy2                                       isrt.obl(ISRTScriptDialogs.obs)
538  SdSubstituteProductInfo                            isrt.obl(SDINT.obs)
539  SdUnInit                                           isrt.obl(SDINT.obs)
540  SdWelcome                                          isrt.obl(ISRTScriptDialogs.obs)
541  SdWelcomeMaint                                     isrt.obl(ISRTScriptDialogs.obs)
542  SelectDir                                          isrt.obl(ISRTScriptDialogsPriv.obs)
543  SelectDirNoLog                                     isrt.obl(ISRTScriptDialogsPriv.obs)
544  SendMessage                                        isrt.obl(Misc.obs)
545  ServiceInitParams                                  isrt.obl(Service.obs)
546  SetCmdLine                                         isrt.obl(SysVars.obs)
547  SetDialogTitle                                     isrt.obl(Dialogs.obs)
548  SetDisplayEffect                                   isrt.obl(ui.obs)
549  SetExtendedErrInfo                                 isrt.obl(IsUtil.obs)
550  SetStatus                                          ifx.obl(EventsSetupPriv.obs)
551  SetStatusEx                                        ifx.obl(EventsSetupPriv.obs)
552  SetStatusExStaticText                              isrt.obl(ui.obs)
553  SetStatusWindow                                    isrt.obl(ui.obs)
554  SetTitle                                           isrt.obl(ui.obs)
555  SetupTraceWrite                                    isrt.obl(Misc.obs)
556  ShowObjWizardPages                                 isrt.obl(Objects.obs)
557  ShowWizardPages                                    isrt.obl(Driver.obs)
558  SilentCreateFile                                   isrt.obl(Silent.obs)
559  SilentDoGeneralInfo                                isrt.obl(Silent.obs)
560  SilentFailed                                       isrt.obl(Silent.obs)
561  SilentFinish                                       isrt.obl(Silent.obs)
562  SilentInit                                         isrt.obl(Silent.obs)
563  SilentLogWriteData                                 isrt.obl(Silent.obs)
564  SilentReadData                                     isrt.obl(Silent.obs)
565  SilentSetInfo                                      isrt.obl(Silent.obs)
566  SilentSetMode                                      isrt.obl(Silent.obs)
567  SilentWriteData                                    isrt.obl(Silent.obs)
568  Sprintf                                            isrt.obl(Str.obs)
569  SprintfBox                                         isrt.obl(ISRTScriptDialogsPriv.obs)
570  StatusUpdate                                       isrt.obl(ui.obs)
571  StrAddLastSlash                                    isrt.obl(Str.obs)
572  StrConvertSizeUnit                                 isrt.obl(Str.obs)
573  StrFindEx                                          isrt.obl(Str.obs)
574  StrGetTokens                                       isrt.obl(Str.obs)
575  StrLength                                          isrt.obl(Str.obs)
576  StrRemoveLastSlash                                 isrt.obl(Str.obs)
577  StrReplace                                         isrt.obl(Str.obs)
578  StrToNumHex                                        isrt.obl(Str.obs)
579  StrToUpper                                         isrt.obl(Str.obs)
580  StrTrim                                            isrt.obl(Str.obs)
581  SysVarsInit                                        isrt.obl(SysVars.obs)
582  SysVarsTrace                                       isrt.obl(SysVars.obs)
583  SysVarsUnInit                                      isrt.obl(SysVars.obs)
584  System                                             isrt.obl(Misc.obs)
585  SystemRestoreCancelRestorePointIS                  isrt.obl(PCRestore.obs)
586  SystemRestoreCloseRestorePointIS                   isrt.obl(PCRestore.obs)
587  SystemRestoreDisableIS                             isrt.obl(PCRestore.obs)
588  SystemRestoreIsEnabledIS                           isrt.obl(PCRestore.obs)
589  SystemRestoreOpenRestorePointIS                    isrt.obl(PCRestore.obs)
590  TextSubGetValue                                    isrt.obl(TextSub.obs)
591  TextSubParseTextSub                                isrt.obl(TextSub.obs)
592  TextSubSetValue                                    isrt.obl(TextSub.obs)
593  TextSubSubstitute                                  isrt.obl(TextSub.obs)
594  TreeViewCreate                                     isrt.obl(CmptView.obs)
595  USER.EnableWindow                                  Setup.obs
596  USER.GetClassName                                  Setup.obs
597  USER.GetDC                                         Setup.obs
598  USER.GetDlgItem                                    Setup.obs
599  USER.GetFocus                                      Setup.obs
600  USER.GetWindowLong                                 Setup.obs
601  USER.GetWindowRect                                 Setup.obs
602  USER.IsIconic                                      Setup.obs
603  USER.IsWindow                                      Setup.obs
604  USER.PostMessage                                   Setup.obs
605  USER.ReleaseDC                                     Setup.obs
606  USER.SendMessageA                                  Setup.obs
607  USER.SetFocus                                      Setup.obs
608  USER.SetWindowPos                                  Setup.obs
609  USER.SetWindowText                                 Setup.obs
610  USER.ShowWindow                                    Setup.obs
611  USER32.CharUpperBuffA                              Setup.obs
612  USER32.DispatchMessage                             Setup.obs
613  USER32.GetDesktopWindow                            Setup.obs
614  USER32.GetSystemMetrics                            Setup.obs
615  USER32.GetWindowText                               Setup.obs
616  USER32.GetWindowTextLength                         Setup.obs
617  USER32.IsWindowVisible                             Setup.obs
618  USER32.MessageBoxA                                 Setup.obs
619  USER32.PeekMessageA                                Setup.obs
620  USER32.SendMessageA                                Setup.obs
621  USER32.SetForegroundWindow                         Setup.obs
622  USER32.SetWindowLong                               Setup.obs
623  USER32.SetWindowRgn                                Setup.obs
624  USER32.TranslateMessage                            Setup.obs
625  UpdateServiceEnableUpdateService                   isrt.obl(ISUpdateService.obs)
626  VarInit                                            isrt.obl(SysVars.obs)
627  VarRestore                                         isrt.obl(SysVars.obs)
628  VarRestoreISRT                                     isrt.obl(SysVars.obs)
629  VarSave                                            isrt.obl(SysVars.obs)
630  VarSaveISRT                                        isrt.obl(SysVars.obs)
631  VerCompare                                         isrt.obl(version.obs)
632  VerProductCompareVersions                          isrt.obl(version.obs)
633  VerProductGetInstalledVersion                      isrt.obl(version.obs)
634  VerProductIsVersionSupported                       isrt.obl(version.obs)
635  VerProductNumToStr                                 isrt.obl(version.obs)
636  VerProductStrToNum                                 isrt.obl(version.obs)
637  VerProductVerFromVerParts                          isrt.obl(version.obs)
638  VerProductVerPartsFromVer                          isrt.obl(version.obs)
639  WaitOnDialog                                       isrt.obl(CustomDialog.obs)
640  WizardDirection                                    ifx.obl(EventsSetupPriv.obs)
641  WriteLine                                          isrt.obl(Files.obs)
642  WriteProfInt                                       isrt.obl(Profile.obs)
643  WriteProfString                                    isrt.obl(Profile.obs)
644  WriteProperties                                    ifx.obl(PersistPropertyBag.obs)
645  __ISRTDoExit                                       isrt.obl(Misc.obs)
646  __ISRTInit                                         isrt.obl(ISRTInit.obs)
647  __ISRTRestoreMainLog                               isrt.obl(ISRTInit.obs)
648  __ISRTRestoreMainLogEx                             isrt.obl(ISRTInit.obs)
649  __ISRTSetComponentLog                              isrt.obl(ISRTInit.obs)
650  __ISRTUnInit                                       isrt.obl(ISRTInit.obs)
651  __LoadIScriptString                                isrt.obl(LoadStr.obs)
652  program                                            ifx.obl(EventsSetupPriv.obs)
653  sfc.SRSetRestorePoint                              Setup.obs


***** External Variables *****
1    ADDREMOVE                                          isrt.obl(DebugSymbols.obs)
2    ADDREMOVE_COMBINEDBUTTON                           Setup.obs
3    ADDREMOVE_HIDECHANGEOPTION                         Setup.obs
4    ADDREMOVE_HIDEREMOVEOPTION                         Setup.obs
5    ADDREMOVE_HIDEREPAIROPTION                         Setup.obs
6    ADDREMOVE_STRING_REMOVEONLY                        Setup.obs
7    ADDREMOVE_SYSTEMCOMPONENT                          Setup.obs
8    ADMINUSER                                          Setup.obs
9    ALLUSERS                                           Setup.obs
10   BASICMSI                                           isrt.obl(DebugSymbols.obs)
11   BATCH_INSTALL                                      Setup.obs
12   CMDLINE                                            isrt.obl(DebugSymbols.obs)
13   COMMONFILES                                        isrt.obl(DebugSymbols.obs)
14   COMMONFILES64                                      isrt.obl(DebugSymbols.obs)
15   DISABLE_ALLUSERBTN                                 Setup.obs
16   DISABLE_PERUSERBTN                                 Setup.obs
17   DISK1SETUPEXENAME                                  isrt.obl(DebugSymbols.obs)
18   DISK1TARGET                                        Setup.obs
19   ENABLED_ISERVICES                                  isrt.obl(DebugSymbols.obs)
20   ENGINECOMMONDIR                                    isrt.obl(DebugSymbols.obs)
21   ENGINEDIR                                          isrt.obl(DebugSymbols.obs)
22   ERRORFILENAME                                      Setup.obs
23   Err                                                Setup.obs
24   FILETIME                                           Setup.obs
25   FIND_DATA                                          Setup.obs
26   FOLDER_APPDATA                                     isrt.obl(DebugSymbols.obs)
27   FOLDER_COMMON_APPDATA                              isrt.obl(DebugSymbols.obs)
28   FOLDER_DESKTOP                                     isrt.obl(DebugSymbols.obs)
29   FOLDER_DOTNET_10                                   isrt.obl(DebugSymbols.obs)
30   FOLDER_DOTNET_11                                   isrt.obl(DebugSymbols.obs)
31   FOLDER_DOTNET_20                                   isrt.obl(DebugSymbols.obs)
32   FOLDER_DOTNET_30                                   isrt.obl(DebugSymbols.obs)
33   FOLDER_DOTNET_35                                   isrt.obl(DebugSymbols.obs)
34   FOLDER_FONTS                                       isrt.obl(DebugSymbols.obs)
35   FOLDER_LOCAL_APPDATA                               isrt.obl(DebugSymbols.obs)
36   FOLDER_PERSONAL                                    isrt.obl(DebugSymbols.obs)
37   FOLDER_PROGRAMS                                    isrt.obl(DebugSymbols.obs)
38   FOLDER_STARTMENU                                   isrt.obl(DebugSymbols.obs)
39   FOLDER_STARTUP                                     isrt.obl(DebugSymbols.obs)
40   FOLDER_TEMP                                        isrt.obl(DebugSymbols.obs)
41   FileRegistrar                                      Setup.obs
42   HIDE_DISABLED_BTNS                                 Setup.obs
43   HKEYCURRENTROOTKEY                                 Setup.obs
44   IFX_COMPANY_NAME                                   Setup.obs
45   IFX_DISK1INSTALLED                                 Setup.obs
46   IFX_INITIALIZED                                    Setup.obs
47   IFX_INSTALLED_DISPLAY_VERSION                      Setup.obs
48   IFX_INSTALLED_VERSION                              Setup.obs
49   IFX_KEYPATH_PRODUCT_INFO                           Setup.obs
50   IFX_MULTI_INSTANCE_SUFFIX                          Setup.obs
51   IFX_OPEN_RESTORE_POINT                             isrt.obl(PCRestore.obs)
52   IFX_PRODUCT_COMMENTS                               Setup.obs
53   IFX_PRODUCT_DISPLAY_NAME                           Setup.obs
54   IFX_PRODUCT_DISPLAY_VERSION                        Setup.obs
55   IFX_PRODUCT_ICON                                   Setup.obs
56   IFX_PRODUCT_KEY                                    Setup.obs
57   IFX_PRODUCT_NAME                                   Setup.obs
58   IFX_PRODUCT_README                                 Setup.obs
59   IFX_PRODUCT_REGISTEREDCOMPANY                      Setup.obs
60   IFX_PRODUCT_REGISTEREDOWNER                        Setup.obs
61   IFX_PRODUCT_REGISTEREDSERIALNUM                    Setup.obs
62   IFX_PRODUCT_SUPPORT_CONTACT                        Setup.obs
63   IFX_PRODUCT_SUPPORT_PHONE                          Setup.obs
64   IFX_PRODUCT_SUPPORT_URL                            Setup.obs
65   IFX_PRODUCT_UPDATE_URL                             Setup.obs
66   IFX_PRODUCT_URL                                    Setup.obs
67   IFX_PRODUCT_VERSION                                Setup.obs
68   IFX_RESTORE_DISABLED                               isrt.obl(PCRestore.obs)
69   IFX_SETUP_TITLE                                    Setup.obs
70   IFX_SUPPORTED_VERSIONS                             Setup.obs
71   IISROOTFOLDER                                      isrt.obl(DebugSymbols.obs)
72   INSTALLSCRIPTMSI                                   isrt.obl(DebugSymbols.obs)
73   INSTALLSCRIPTMSIEEUI                               isrt.obl(DebugSymbols.obs)
74   INSTANCE_GUID                                      isrt.obl(DebugSymbols.obs)
75   ISDIFXAPPID                                        Setup.obs
76   ISRES                                              isrt.obl(DebugSymbols.obs)
77   ISUSER                                             isrt.obl(DebugSymbols.obs)
78   ISUTIL_FUNCTION_ACTUAL_ERROR                       Setup.obs
79   ISUTIL_LINE_NUMBER                                 Setup.obs
80   ISUTIL_SCRIPT_FILE                                 Setup.obs
81   ISVERSION                                          isrt.obl(DebugSymbols.obs)
82   IS_NULLSTR_PTR                                     Setup.obs
83   InetSRCDIR                                         Setup.obs
84   LAAW_PARAMETERS                                    Setup.obs
85   LAAW_SHELLEXECUTEINFO                              Setup.obs
86   LAAW_SHELLEXECUTEVERB                              Setup.obs
87   LAAW_STARTUPINFO                                   Setup.obs
88   LAST_RESULT                                        Setup.obs
89   LogDB                                              Setup.obs
90   MAINTENANCE                                        isrt.obl(DebugSymbols.obs)
91   MAINT_OPTION                                       isrt.obl(DebugSymbols.obs)
92   MEDIA                                              Setup.obs
93   MEDIA_INFO                                         isrt.obl(Feature.obs)
94   MODE                                               Setup.obs
95   MSG                                                Setup.obs
96   MULTI_INSTANCE_COUNT                               isrt.obl(DebugSymbols.obs)
97   MainWindow                                         Setup.obs
98   NOTHING                                            Setup.obs
99   OSINFO_PLATFORM_INFO                               Setup.obs
100  OSINFO_PROCESSOR_INFO                              Setup.obs
101  OSVERSIONINFO                                      Setup.obs
102  OSVERSIONINFOEX                                    Setup.obs
103  Objects                                            Setup.obs
104  PACKAGE_LOCATION                                   isrt.obl(DebugSymbols.obs)
105  POINT                                              Setup.obs
106  PRIVILEGED                                         Setup.obs
107  PRODUCT_GUID                                       isrt.obl(DebugSymbols.obs)
108  PROGRAMFILES                                       isrt.obl(DebugSymbols.obs)
109  PROGRAMFILES64                                     isrt.obl(DebugSymbols.obs)
110  RECT                                               Setup.obs
111  REGDB_OPTIONS                                      Setup.obs
112  REINSTALLMODE                                      isrt.obl(DebugSymbols.obs)
113  REMOVEALLMODE                                      isrt.obl(DebugSymbols.obs)
114  REMOVEONLY                                         isrt.obl(DebugSymbols.obs)
115  RUN_ONCE_PROGRAM                                   isrt.obl(DebugSymbols.obs)
116  Reboot                                             Setup.obs
117  SELECTED_LANGUAGE                                  isrt.obl(DebugSymbols.obs)
118  SERVICE_IS_PARAMS                                  Setup.obs
119  SETUPTYPE_STR_COMPACT                              Setup.obs
120  SETUPTYPE_STR_COMPLETE                             Setup.obs
121  SETUPTYPE_STR_CUSTOM                               Setup.obs
122  SETUPTYPE_STR_TYPICAL                              Setup.obs
123  SHAREDSUPPORTDIR                                   isrt.obl(DebugSymbols.obs)
124  SHELLEXECUTEINFO                                   Setup.obs
125  SHELL_OBJECT_FOLDER                                Setup.obs
126  SHOW_PASSWORD_DIALOG                               isrt.obl(DebugSymbols.obs)
127  SRCDIR                                             Setup.obs
128  SRCDISK                                            isrt.obl(DebugSymbols.obs)
129  STANDARD_SELECTED_LANGUAGE                         isrt.obl(DebugSymbols.obs)
130  STARTUPINFO                                        Setup.obs
131  SUPPORTDIR                                         isrt.obl(DebugSymbols.obs)
132  SYSINFO                                            Setup.obs
133  SYSPROCESSORINFO                                   Setup.obs
134  SYSTEMTIME                                         Setup.obs
135  SetupInfo                                          Setup.obs
136  StatusDlg                                          Setup.obs
137  TARGETDIR                                          Setup.obs
138  TARGETDISK                                         isrt.obl(DebugSymbols.obs)
139  TextSub                                            Setup.obs
140  UNINST                                             Setup.obs
141  UNINSTALLKEY                                       Setup.obs
142  UNINSTALL_DISPLAYNAME                              Setup.obs
143  UNINSTALL_STRING                                   Setup.obs
144  UPDATEMODE                                         Setup.obs
145  WINDIR                                             isrt.obl(DebugSymbols.obs)
146  WINDISK                                            isrt.obl(DebugSymbols.obs)
147  WINSYSDIR                                          isrt.obl(DebugSymbols.obs)
148  WINSYSDIR64                                        isrt.obl(DebugSymbols.obs)
149  WINSYSDISK                                         isrt.obl(DebugSymbols.obs)
150  _FONTFILEINFO                                      Setup.obs
151  _INT64                                             Setup.obs
152  _ISDIFXINSTALLERINFO                               isrt.obl(ISDIFx.obs)
153  _LAAW_PARAMETERS                                   Setup.obs
154  _RESTOREPOINTINFO                                  Setup.obs
155  _SERVICE_IS_PARAMS                                 Setup.obs
156  _STATEMGRSTATUS                                    Setup.obs
157  _WIN9X                                             Setup.obs
158  _WINNT                                             Setup.obs
159  __hContext                                         Setup.obs
160  __objGlobalTextSub                                 Setup.obs
161  __szGUID                                           Setup.obs
162  bBackButton                                        Setup.obs
163  bCancelButton                                      Setup.obs
164  bEnterDiskBeep                                     Setup.obs
165  bFinishButton                                      Setup.obs
166  bIFXLFNoToAll                                      Setup.obs
167  bIFXLFOnRebootToAll                                Setup.obs
168  bIFXLFYesToAll                                     Setup.obs
169  bIFXMD5IgnoreToAll                                 Setup.obs
170  bIFXRONoToAll                                      Setup.obs
171  bIFXROYesToAll                                     Setup.obs
172  bIFXSFNoToAll                                      Setup.obs
173  bIFXSFYesToAll                                     Setup.obs
174  bInstall16                                         Setup.obs
175  bNextButton                                        Setup.obs
176  bSdInit                                            Setup.obs
177  bViewCmptKunits                                    Setup.obs
178  bViewCmptUseDecimal                                Setup.obs
179  g_bSuppressMissingStringWarning                    isrt.obl(Enable.obs)
180  nDlgEnterPassword                                  Setup.obs
181  nDlgMessageBox                                     Setup.obs
182  nDlgSelectDir                                      Setup.obs
183  nDlgSprintfBox                                     Setup.obs
184  nSdComponentTree                                   Setup.obs
185  nSdFinish                                          Setup.obs
186  nSdFinishReboot                                    Setup.obs
187  nSdLicense2                                        Setup.obs
188  nSdLicense2Rtf                                     Setup.obs
189  nSdSetupType2                                      Setup.obs
190  nSdShowDlgEdit1                                    Setup.obs
191  nSdStartCopy2                                      Setup.obs
192  nSdWelcome                                         Setup.obs
193  nSdWelcomeMaint                                    Setup.obs
194  szAppKey                                           Setup.obs
195  szSdProduct                                        Setup.obs
196  szSdStr_NotEnoughSpace                             Setup.obs
